
Discarded input sections

 .group         0x0000000000000000        0xc main.o
 .group         0x0000000000000000        0xc main.o
 .group         0x0000000000000000        0xc main.o
 .group         0x0000000000000000        0xc main.o
 .group         0x0000000000000000        0xc main.o
 .group         0x0000000000000000        0xc main.o
 .group         0x0000000000000000        0xc main.o
 .group         0x0000000000000000        0xc gpio.o
 .group         0x0000000000000000        0xc gpio.o
 .group         0x0000000000000000        0xc gpio.o
 .group         0x0000000000000000        0xc gpio.o
 .group         0x0000000000000000        0xc gpio.o
 .group         0x0000000000000000        0xc gpio.o
 .group         0x0000000000000000        0xc gpio.o
 .debug_macro   0x0000000000000000      0xa5a gpio.o
 .debug_macro   0x0000000000000000       0x22 gpio.o
 .debug_macro   0x0000000000000000       0x8e gpio.o
 .debug_macro   0x0000000000000000       0x51 gpio.o
 .debug_macro   0x0000000000000000      0x103 gpio.o
 .debug_macro   0x0000000000000000       0x6a gpio.o
 .debug_macro   0x0000000000000000      0x1df gpio.o
 .group         0x0000000000000000        0xc clock.o
 .group         0x0000000000000000        0xc clock.o
 .group         0x0000000000000000        0xc clock.o
 .group         0x0000000000000000        0xc clock.o
 .group         0x0000000000000000        0xc clock.o
 .group         0x0000000000000000        0xc clock.o
 .group         0x0000000000000000        0xc clock.o
 .debug_macro   0x0000000000000000      0xa5a clock.o
 .debug_macro   0x0000000000000000       0x22 clock.o
 .debug_macro   0x0000000000000000       0x8e clock.o
 .debug_macro   0x0000000000000000       0x51 clock.o
 .debug_macro   0x0000000000000000      0x103 clock.o
 .debug_macro   0x0000000000000000       0x6a clock.o
 .debug_macro   0x0000000000000000      0x1df clock.o
 .group         0x0000000000000000        0xc stm32_startup.o
 .group         0x0000000000000000        0xc stm32_startup.o
 .group         0x0000000000000000        0xc stm32_startup.o
 .group         0x0000000000000000        0xc stm32_startup.o
 .group         0x0000000000000000        0xc stm32_startup.o
 .group         0x0000000000000000        0xc stm32_startup.o
 .group         0x0000000000000000        0xc stm32_startup.o
 .debug_macro   0x0000000000000000      0xa5a stm32_startup.o
 .debug_macro   0x0000000000000000       0x22 stm32_startup.o
 .debug_macro   0x0000000000000000       0x8e stm32_startup.o
 .debug_macro   0x0000000000000000       0x51 stm32_startup.o
 .debug_macro   0x0000000000000000      0x103 stm32_startup.o
 .debug_macro   0x0000000000000000       0x6a stm32_startup.o
 .debug_macro   0x0000000000000000      0x1df stm32_startup.o

Memory Configuration

Name             Origin             Length             Attributes
FLASH            0x0000000008000000 0x0000000000100000 xr
SRAM1            0x0000000020000000 0x0000000000018000 xrw
SRAM2            0x0000000010000000 0x0000000000008000 xrw
*default*        0x0000000000000000 0xffffffffffffffff

Linker script and memory map

LOAD main.o
LOAD gpio.o
LOAD clock.o
LOAD stm32_startup.o
                0x0000000020018000                _estack = 0x20018000
                0x0000000000000400                _Min_Heap_Size = 0x400
                0x0000000000000200                _Min_Stack_Size = 0x200

.isr_vector     0x0000000008000000      0x18c
                0x0000000008000000                . = ALIGN (0x4)
 *(.isr_vector)
 .isr_vector    0x0000000008000000      0x18c stm32_startup.o
                0x0000000008000000                vectors
                0x000000000800018c                . = ALIGN (0x4)

.text           0x000000000800018c      0x320
                0x000000000800018c                . = ALIGN (0x4)
 *(.text)
 .text          0x000000000800018c       0xfc main.o
                0x000000000800018c                enable_nvic
                0x00000000080001a8                disable_nvic
                0x00000000080001c4                enable_exti
                0x0000000008000220                EXTI15_10_IRQHandler
                0x000000000800026c                main
 .text          0x0000000008000288       0xf0 gpio.o
                0x0000000008000288                gpio_button_init
                0x00000000080002c0                gpio_button_poll
                0x00000000080002e8                gpio_led_init
                0x0000000008000324                gpio_led_on
                0x0000000008000340                gpio_led_off
                0x000000000800035c                gpio_led_toggle
 .text          0x0000000008000378       0xa4 clock.o
                0x0000000008000378                sysclk_init
                0x00000000080003cc                peripheral_clk_init
 .text          0x000000000800041c       0x90 stm32_startup.o
                0x000000000800041c                RTC_Alarm_IRQHandler
                0x000000000800041c                EXTI2_IRQHandler
                0x000000000800041c                TIM8_TRG_COM_IRQHandler
                0x000000000800041c                TIM8_CC_IRQHandler
                0x000000000800041c                DebugMon_Handler
                0x000000000800041c                TIM1_CC_IRQHandler
                0x000000000800041c                TSC_IRQHandler
                0x000000000800041c                DMA2_Stream5_IRQHandler
                0x000000000800041c                HardFault_Handler
                0x000000000800041c                DMA1_Stream5_IRQHandler
                0x000000000800041c                SysTick_Handler
                0x000000000800041c                PVD_IRQHandler
                0x000000000800041c                TAMP_STAMP_IRQHandler
                0x000000000800041c                PendSV_Handler
                0x000000000800041c                NMI_Handler
                0x000000000800041c                EXTI3_IRQHandler
                0x000000000800041c                LPTIM2_IRQHandler
                0x000000000800041c                DFSDM1_FLT1_IRQHandler
                0x000000000800041c                DFSDM1_FLT2_IRQHandler
                0x000000000800041c                TIM6_DACUNDER_IRQHandler
                0x000000000800041c                EXTI0_IRQHandler
                0x000000000800041c                I2C2_EV_IRQHandler
                0x000000000800041c                DMA1_Stream2_IRQHandler
                0x000000000800041c                CAN1_RX0_IRQHandler
                0x000000000800041c                FPU_IRQHandler
                0x000000000800041c                TIM1_UP_TIM16_IRQHandler
                0x000000000800041c                UsageFault_Handler
                0x000000000800041c                ADC1_2_IRQHandler
                0x000000000800041c                DMA2_Stream2_IRQHandler
                0x000000000800041c                SPI1_IRQHandler
                0x000000000800041c                TIM8_UP_IRQHandler
                0x000000000800041c                DMA2_Stream3_IRQHandler
                0x000000000800041c                SAI2_IRQHandler
                0x000000000800041c                DFSDM1_FLT3_IRQHandler
                0x000000000800041c                USART3_IRQHandler
                0x000000000800041c                CAN1_RX1_IRQHandler
                0x000000000800041c                LCD_IRQHandler
                0x000000000800041c                UART5_IRQHandler
                0x000000000800041c                ADC3_IRQHandler
                0x000000000800041c                DMA2_Stream0_IRQHandler
                0x000000000800041c                TIM4_IRQHandler
                0x000000000800041c                QUADSPI_IRQHandler
                0x000000000800041c                I2C1_EV_IRQHandler
                0x000000000800041c                DMA1_Stream6_IRQHandler
                0x000000000800041c                DMA1_Stream1_IRQHandler
                0x000000000800041c                UART4_IRQHandler
                0x000000000800041c                TIM3_IRQHandler
                0x000000000800041c                RCC_IRQHandler
                0x000000000800041c                Default_Handler
                0x000000000800041c                DMA1_Stream7_IRQHandler
                0x000000000800041c                TIM7_IRQHandler
                0x000000000800041c                SDMMC1_IRQHandler
                0x000000000800041c                TIM5_IRQHandler
                0x000000000800041c                I2C3_EV_IRQHandler
                0x000000000800041c                EXTI9_5_IRQHandler
                0x000000000800041c                RTC_WKUP_IRQHandler
                0x000000000800041c                SPI2_IRQHandler
                0x000000000800041c                MemManage_Handler
                0x000000000800041c                DMA1_Stream0_IRQHandler
                0x000000000800041c                CAN1_TX_IRQHandler
                0x000000000800041c                SVC_Handler
                0x000000000800041c                EXTI4_IRQHandler
                0x000000000800041c                RNG_IRQHandler
                0x000000000800041c                TIM1_TRG_COM_TIM17_IRQHandler
                0x000000000800041c                COMP_IRQHandler
                0x000000000800041c                WWDG_IRQHandler
                0x000000000800041c                LPUART1_IRQHandler
                0x000000000800041c                TIM2_IRQHandler
                0x000000000800041c                EXTI1_IRQHandler
                0x000000000800041c                USART2_IRQHandler
                0x000000000800041c                DFSDM1_FLT0_IRQHandler
                0x000000000800041c                I2C2_ER_IRQHandler
                0x000000000800041c                DMA2_Stream1_IRQHandler
                0x000000000800041c                TIM8_BRK_IRQHandler
                0x000000000800041c                CAN1_SCE_IRQHandler
                0x000000000800041c                FLASH_IRQHandler
                0x000000000800041c                DMA2_Stream4_IRQHandler
                0x000000000800041c                BusFault_Handler
                0x000000000800041c                USART1_IRQHandler
                0x000000000800041c                OTG_FS_IRQHandler
                0x000000000800041c                SPI3_IRQHandler
                0x000000000800041c                DMA1_Stream4_IRQHandler
                0x000000000800041c                I2C1_ER_IRQHandler
                0x000000000800041c                FMC_IRQHandler
                0x000000000800041c                SWPMI1_IRQHandler
                0x000000000800041c                LPTIM1_IRQHandler
                0x000000000800041c                DMA2_Stream6_IRQHandler
                0x000000000800041c                SAI1_IRQHandler
                0x000000000800041c                DMA1_Stream3_IRQHandler
                0x000000000800041c                TIM1_BRK_TIM15_IRQHandler
                0x0000000008000422                Reset_Handler
 *(.text*)
                0x00000000080004ac                . = ALIGN (0x4)
                0x00000000080004ac                _etext = .

.glue_7         0x00000000080004ac        0x0
 .glue_7        0x00000000080004ac        0x0 linker stubs

.glue_7t        0x00000000080004ac        0x0
 .glue_7t       0x00000000080004ac        0x0 linker stubs

.vfp11_veneer   0x00000000080004ac        0x0
 .vfp11_veneer  0x00000000080004ac        0x0 linker stubs

.v4_bx          0x00000000080004ac        0x0
 .v4_bx         0x00000000080004ac        0x0 linker stubs

.iplt           0x00000000080004ac        0x0
 .iplt          0x00000000080004ac        0x0 main.o

.rel.dyn        0x00000000080004ac        0x0
 .rel.iplt      0x00000000080004ac        0x0 main.o

.rodata         0x00000000080004ac        0x0
                0x00000000080004ac                . = ALIGN (0x4)
 *(.rodata)
 *(.rodata*)
                0x00000000080004ac                . = ALIGN (0x4)

.data           0x0000000020000000        0x0
                0x0000000020000000                . = ALIGN (0x4)
                0x0000000020000000                _sdata = .
 *(.data)
 .data          0x0000000020000000        0x0 main.o
 .data          0x0000000020000000        0x0 gpio.o
 .data          0x0000000020000000        0x0 clock.o
 .data          0x0000000020000000        0x0 stm32_startup.o
 *(.data*)
                0x0000000020000000                _edata = .
                0x0000000020000000                . = ALIGN (0x4)

.igot.plt       0x0000000020000000        0x0
 .igot.plt      0x0000000020000000        0x0 main.o

.bss            0x0000000020000000        0x0
                0x0000000020000000                . = ALIGN (0x4)
                0x0000000020000000                _sbss = .
 *(.bss)
 .bss           0x0000000020000000        0x0 main.o
 .bss           0x0000000020000000        0x0 gpio.o
 .bss           0x0000000020000000        0x0 clock.o
 .bss           0x0000000020000000        0x0 stm32_startup.o
 *(.bss*)
 *(COMMON)
                0x0000000020000000                . = ALIGN (0x4)
                0x0000000020000000                _ebss = .

.dynamic_allocations
                0x0000000020000000      0x200
                0x0000000020000000                . = ALIGN (0x4)
                0x0000000020000000                _ssystem_ram = .
                0x0000000020000200                . = (. + _Min_Stack_Size)
 *fill*         0x0000000020000000      0x200 
                0x0000000020000200                . = ALIGN (0x4)
                0x0000000020000200                _esystem_ram = .
OUTPUT(final.elf elf32-littlearm)
LOAD linker stubs

.debug_info     0x0000000000000000      0x453
 .debug_info    0x0000000000000000       0xe6 main.o
 .debug_info    0x00000000000000e6      0x124 gpio.o
 .debug_info    0x000000000000020a       0xc8 clock.o
 .debug_info    0x00000000000002d2      0x181 stm32_startup.o

.debug_abbrev   0x0000000000000000      0x297
 .debug_abbrev  0x0000000000000000       0x8c main.o
 .debug_abbrev  0x000000000000008c       0x85 gpio.o
 .debug_abbrev  0x0000000000000111       0x8c clock.o
 .debug_abbrev  0x000000000000019d       0xfa stm32_startup.o

.debug_aranges  0x0000000000000000       0x80
 .debug_aranges
                0x0000000000000000       0x20 main.o
 .debug_aranges
                0x0000000000000020       0x20 gpio.o
 .debug_aranges
                0x0000000000000040       0x20 clock.o
 .debug_aranges
                0x0000000000000060       0x20 stm32_startup.o

.debug_macro    0x0000000000000000     0x1133
 .debug_macro   0x0000000000000000       0xb9 main.o
 .debug_macro   0x00000000000000b9      0xa5a main.o
 .debug_macro   0x0000000000000b13       0x22 main.o
 .debug_macro   0x0000000000000b35       0x8e main.o
 .debug_macro   0x0000000000000bc3       0x51 main.o
 .debug_macro   0x0000000000000c14      0x103 main.o
 .debug_macro   0x0000000000000d17       0x6a main.o
 .debug_macro   0x0000000000000d81      0x1df main.o
 .debug_macro   0x0000000000000f60       0xbb gpio.o
 .debug_macro   0x000000000000101b       0x9d clock.o
 .debug_macro   0x00000000000010b8       0x7b stm32_startup.o

.debug_line     0x0000000000000000      0x69c
 .debug_line    0x0000000000000000      0x1a5 main.o
 .debug_line    0x00000000000001a5      0x195 gpio.o
 .debug_line    0x000000000000033a      0x198 clock.o
 .debug_line    0x00000000000004d2      0x1ca stm32_startup.o

.debug_str      0x0000000000000000     0x4119
 .debug_str     0x0000000000000000     0x3bef main.o
                                       0x3d53 (size before relaxing)
 .debug_str     0x0000000000003bef      0x2d5 gpio.o
                                       0x3e24 (size before relaxing)
 .debug_str     0x0000000000003ec4      0x192 clock.o
                                       0x3cd5 (size before relaxing)
 .debug_str     0x0000000000004056       0xc3 stm32_startup.o
                                       0x3c0f (size before relaxing)

.comment        0x0000000000000000       0x49
 .comment       0x0000000000000000       0x49 main.o
                                         0x4a (size before relaxing)
 .comment       0x0000000000000049       0x4a gpio.o
 .comment       0x0000000000000049       0x4a clock.o
 .comment       0x0000000000000049       0x4a stm32_startup.o

.ARM.attributes
                0x0000000000000000       0x2e
 .ARM.attributes
                0x0000000000000000       0x2e main.o
 .ARM.attributes
                0x000000000000002e       0x2e gpio.o
 .ARM.attributes
                0x000000000000005c       0x2e clock.o
 .ARM.attributes
                0x000000000000008a       0x2e stm32_startup.o

.debug_frame    0x0000000000000000      0x224
 .debug_frame   0x0000000000000000       0xa8 main.o
 .debug_frame   0x00000000000000a8       0xd8 gpio.o
 .debug_frame   0x0000000000000180       0x58 clock.o
 .debug_frame   0x00000000000001d8       0x4c stm32_startup.o
