
Memory Configuration

Name             Origin             Length             Attributes
FLASH            0x0000000008000000 0x0000000000100000 xr
SRAM1            0x0000000020000000 0x0000000000018000 xrw
SRAM2            0x0000000010000000 0x0000000000008000 xrw
*default*        0x0000000000000000 0xffffffffffffffff

Linker script and memory map

LOAD main.o
LOAD gpio.o
LOAD stm32_startup.o

.text           0x0000000008000000      0x290
 *(.isr_vector)
 .isr_vector    0x0000000008000000      0x190 stm32_startup.o
                0x0000000008000000                vectors
 *(.text)
 .text          0x0000000008000190        0xa main.o
                0x0000000008000190                main
 *fill*         0x000000000800019a        0x2 
 .text          0x000000000800019c       0x68 gpio.o
                0x000000000800019c                gpio_led_init
 .text          0x0000000008000204       0x88 stm32_startup.o
                0x0000000008000204                RTC_Alarm_IRQHandler
                0x0000000008000204                EXTI2_IRQHandler
                0x0000000008000204                TIM8_TRG_COM_IRQHandler
                0x0000000008000204                TIM8_CC_IRQHandler
                0x0000000008000204                DebugMon_Handler
                0x0000000008000204                TIM1_CC_IRQHandler
                0x0000000008000204                TSC_IRQHandler
                0x0000000008000204                DMA2_Stream5_IRQHandler
                0x0000000008000204                HardFault_Handler
                0x0000000008000204                DMA1_Stream5_IRQHandler
                0x0000000008000204                SysTick_Handler
                0x0000000008000204                PVD_IRQHandler
                0x0000000008000204                TAMP_STAMP_IRQHandler
                0x0000000008000204                PendSV_Handler
                0x0000000008000204                NMI_Handler
                0x0000000008000204                EXTI3_IRQHandler
                0x0000000008000204                LPTIM2_IRQHandler
                0x0000000008000204                DFSDM1_FLT1_IRQHandler
                0x0000000008000204                DFSDM1_FLT2_IRQHandler
                0x0000000008000204                TIM6_DACUNDER_IRQHandler
                0x0000000008000204                EXTI0_IRQHandler
                0x0000000008000204                I2C2_EV_IRQHandler
                0x0000000008000204                DMA1_Stream2_IRQHandler
                0x0000000008000204                CAN1_RX0_IRQHandler
                0x0000000008000204                FPU_IRQHandler
                0x0000000008000204                TIM1_UP_TIM16_IRQHandler
                0x0000000008000204                UsageFault_Handler
                0x0000000008000204                ADC1_2_IRQHandler
                0x0000000008000204                DMA2_Stream2_IRQHandler
                0x0000000008000204                SPI1_IRQHandler
                0x0000000008000204                TIM8_UP_IRQHandler
                0x0000000008000204                DMA2_Stream3_IRQHandler
                0x0000000008000204                SAI2_IRQHandler
                0x0000000008000204                DFSDM1_FLT3_IRQHandler
                0x0000000008000204                USART3_IRQHandler
                0x0000000008000204                CAN1_RX1_IRQHandler
                0x0000000008000204                LCD_IRQHandler
                0x0000000008000204                UART5_IRQHandler
                0x0000000008000204                ADC3_IRQHandler
                0x0000000008000204                DMA2_Stream0_IRQHandler
                0x0000000008000204                TIM4_IRQHandler
                0x0000000008000204                QUADSPI_IRQHandler
                0x0000000008000204                I2C1_EV_IRQHandler
                0x0000000008000204                DMA1_Stream6_IRQHandler
                0x0000000008000204                DMA1_Stream1_IRQHandler
                0x0000000008000204                UART4_IRQHandler
                0x0000000008000204                TIM3_IRQHandler
                0x0000000008000204                RCC_IRQHandler
                0x0000000008000204                Default_Handler
                0x0000000008000204                EXTI15_10_IRQHandler
                0x0000000008000204                DMA1_Stream7_IRQHandler
                0x0000000008000204                TIM7_IRQHandler
                0x0000000008000204                SDMMC1_IRQHandler
                0x0000000008000204                TIM5_IRQHandler
                0x0000000008000204                I2C3_EV_IRQHandler
                0x0000000008000204                EXTI9_5_IRQHandler
                0x0000000008000204                RTC_WKUP_IRQHandler
                0x0000000008000204                SPI2_IRQHandler
                0x0000000008000204                MemManage_Handler
                0x0000000008000204                DMA1_Stream0_IRQHandler
                0x0000000008000204                CAN1_TX_IRQHandler
                0x0000000008000204                SVC_Handler
                0x0000000008000204                EXTI4_IRQHandler
                0x0000000008000204                TIM1_TRG_COM_TIM17_IRQHandler
                0x0000000008000204                COMP_IRQHandler
                0x0000000008000204                WWDG_IRQHandler
                0x0000000008000204                LPUART1_IRQHandler
                0x0000000008000204                TIM2_IRQHandler
                0x0000000008000204                EXTI1_IRQHandler
                0x0000000008000204                USART2_IRQHandler
                0x0000000008000204                DFSDM1_FLT0_IRQHandler
                0x0000000008000204                I2C2_ER_IRQHandler
                0x0000000008000204                DMA2_Stream1_IRQHandler
                0x0000000008000204                TIM8_BRK_IRQHandler
                0x0000000008000204                CAN1_SCE_IRQHandler
                0x0000000008000204                FLASH_IRQHandler
                0x0000000008000204                DMA2_Stream4_IRQHandler
                0x0000000008000204                BusFault_Handler
                0x0000000008000204                USART1_IRQHandler
                0x0000000008000204                OTG_FS_IRQHandler
                0x0000000008000204                SPI3_IRQHandler
                0x0000000008000204                DMA1_Stream4_IRQHandler
                0x0000000008000204                I2C1_ER_IRQHandler
                0x0000000008000204                FMC_IRQHandler
                0x0000000008000204                SWPMI1_IRQHandler
                0x0000000008000204                LPTIM1_IRQHandler
                0x0000000008000204                DMA2_Stream6_IRQHandler
                0x0000000008000204                SAI1_IRQHandler
                0x0000000008000204                DMA1_Stream3_IRQHandler
                0x0000000008000204                TIM1_BRK_TIM15_IRQHandler
                0x000000000800020a                Reset_Handler
 *(.rodata)
 .rodata        0x000000000800028c        0x4 main.o
                0x000000000800028c                const1
                0x0000000008000290                . = ALIGN (0x4)
                0x0000000008000290                _etext = .

.glue_7         0x0000000008000290        0x0
 .glue_7        0x0000000008000290        0x0 linker stubs

.glue_7t        0x0000000008000290        0x0
 .glue_7t       0x0000000008000290        0x0 linker stubs

.vfp11_veneer   0x0000000008000290        0x0
 .vfp11_veneer  0x0000000008000290        0x0 linker stubs

.v4_bx          0x0000000008000290        0x0
 .v4_bx         0x0000000008000290        0x0 linker stubs

.iplt           0x0000000008000290        0x0
 .iplt          0x0000000008000290        0x0 main.o

.rel.dyn        0x0000000008000290        0x0
 .rel.iplt      0x0000000008000290        0x0 main.o

.data           0x0000000020000000        0x0 load address 0x0000000008000290
                0x0000000020000000                _sdata = .
 *(.data)
 .data          0x0000000020000000        0x0 main.o
 .data          0x0000000020000000        0x0 gpio.o
 .data          0x0000000020000000        0x0 stm32_startup.o
                0x0000000020000000                . = ALIGN (0x4)
                0x0000000020000000                _edata = .

.igot.plt       0x0000000020000000        0x0 load address 0x0000000008000290
 .igot.plt      0x0000000020000000        0x0 main.o

.bss            0x0000000020000000        0x0 load address 0x0000000008000290
                0x0000000020000000                _sbss = .
 *(.bss)
 .bss           0x0000000020000000        0x0 main.o
 .bss           0x0000000020000000        0x0 gpio.o
 .bss           0x0000000020000000        0x0 stm32_startup.o
 *(COMMON)
                0x0000000020000000                . = ALIGN (0x4)
                0x0000000020000000                _ebss = .
OUTPUT(final.elf elf32-littlearm)
LOAD linker stubs

.comment        0x0000000000000000       0x49
 .comment       0x0000000000000000       0x49 main.o
                                         0x4a (size before relaxing)
 .comment       0x0000000000000049       0x4a gpio.o
 .comment       0x0000000000000049       0x4a stm32_startup.o

.ARM.attributes
                0x0000000000000000       0x2e
 .ARM.attributes
                0x0000000000000000       0x2e main.o
 .ARM.attributes
                0x000000000000002e       0x2e gpio.o
 .ARM.attributes
                0x000000000000005c       0x2e stm32_startup.o
